     +------------------+ 
     |   Pin   |  Cell  | 
     |---------+--------| 
     | Foe/CIN | pc3d01 | 
     | Foe/PAD | pc3d01 | 
     | Foe/CIN | pc3d01 | 
     +------------------+ 
     +------------------+ 
     |   Pin   |  Cell  | 
     |---------+--------| 
     | Fcs/CIN | pc3d01 | 
     | Fcs/PAD | pc3d01 | 
     | Fcs/CIN | pc3d01 | 
     +------------------+ 
     +------------------+ 
     |   Pin   |  Cell  | 
     |---------+--------| 
     | Fwe/CIN | pc3d01 | 
     | Fwe/PAD | pc3d01 | 
     | Fwe/CIN | pc3d01 | 
     +------------------+ 
     +--------------------+ 
     |    Pin    |  Cell  | 
     |-----------+--------| 
     | addr0/CIN | pc3d01 | 
     | addr0/PAD | pc3d01 | 
     | addr0/CIN | pc3d01 | 
     +--------------------+ 
     +--------------------+ 
     |    Pin    |  Cell  | 
     |-----------+--------| 
     | addr1/CIN | pc3d01 | 
     | addr1/PAD | pc3d01 | 
     | addr1/CIN | pc3d01 | 
     +--------------------+ 
     +--------------------+ 
     |    Pin    |  Cell  | 
     |-----------+--------| 
     | addr2/CIN | pc3d01 | 
     | addr2/PAD | pc3d01 | 
     | addr2/CIN | pc3d01 | 
     +--------------------+ 
     +--------------------+ 
     |    Pin    |  Cell  | 
     |-----------+--------| 
     | addr3/CIN | pc3d01 | 
     | addr3/PAD | pc3d01 | 
     | addr3/CIN | pc3d01 | 
     +--------------------+ 
     +-----------------------+ 
     |     Pin      |  Cell  | 
     |--------------+--------| 
     | dataIO24/CIN | pc3d01 | 
     | dataIO24/PAD | pc3d01 | 
     | dataIO24/CIN | pc3d01 | 
     +-----------------------+ 
     +----------------------+ 
     |     Pin     |  Cell  | 
     |-------------+--------| 
     | dataIO6/CIN | pc3d01 | 
     | dataIO6/PAD | pc3d01 | 
     | dataIO6/CIN | pc3d01 | 
     +----------------------+ 
     +-----------------------+ 
     |     Pin      |  Cell  | 
     |--------------+--------| 
     | dataIO30/CIN | pc3d01 | 
     | dataIO30/PAD | pc3d01 | 
     | dataIO30/CIN | pc3d01 | 
     +-----------------------+ 
     +-----------------------+ 
     |     Pin      |  Cell  | 
     |--------------+--------| 
     | dataIO14/CIN | pc3d01 | 
     | dataIO14/PAD | pc3d01 | 
     | dataIO14/CIN | pc3d01 | 
     +-----------------------+ 
     +-----------------------+ 
     |     Pin      |  Cell  | 
     |--------------+--------| 
     | dataIO19/CIN | pc3d01 | 
     | dataIO19/PAD | pc3d01 | 
     | dataIO19/CIN | pc3d01 | 
     +-----------------------+ 
     +----------------------+ 
     |     Pin     |  Cell  | 
     |-------------+--------| 
     | dataIO8/CIN | pc3d01 | 
     | dataIO8/PAD | pc3d01 | 
     | dataIO8/CIN | pc3d01 | 
     +----------------------+ 
     +-----------------------+ 
     |     Pin      |  Cell  | 
     |--------------+--------| 
     | dataIO11/CIN | pc3d01 | 
     | dataIO11/PAD | pc3d01 | 
     | dataIO11/CIN | pc3d01 | 
     +-----------------------+ 
     +-----------------------+ 
     |     Pin      |  Cell  | 
     |--------------+--------| 
     | dataIO22/CIN | pc3d01 | 
     | dataIO22/PAD | pc3d01 | 
     | dataIO22/CIN | pc3d01 | 
     +-----------------------+ 
     +----------------------+ 
     |     Pin     |  Cell  | 
     |-------------+--------| 
     | dataIO7/CIN | pc3d01 | 
     | dataIO7/PAD | pc3d01 | 
     | dataIO7/CIN | pc3d01 | 
     +----------------------+ 
     +-----------------------+ 
     |     Pin      |  Cell  | 
     |--------------+--------| 
     | dataIO10/CIN | pc3d01 | 
     | dataIO10/PAD | pc3d01 | 
     | dataIO10/CIN | pc3d01 | 
     +-----------------------+ 
     +-----------------------+ 
     |     Pin      |  Cell  | 
     |--------------+--------| 
     | dataIO13/CIN | pc3d01 | 
     | dataIO13/PAD | pc3d01 | 
     | dataIO13/CIN | pc3d01 | 
     +-----------------------+ 
     +-----------------------+ 
     |     Pin      |  Cell  | 
     |--------------+--------| 
     | dataIO28/CIN | pc3d01 | 
     | dataIO28/PAD | pc3d01 | 
     | dataIO28/CIN | pc3d01 | 
     +-----------------------+ 
     +-----------------------+ 
     |     Pin      |  Cell  | 
     |--------------+--------| 
     | dataIO20/CIN | pc3d01 | 
     | dataIO20/PAD | pc3d01 | 
     | dataIO20/CIN | pc3d01 | 
     +-----------------------+ 
     +-----------------------+ 
     |     Pin      |  Cell  | 
     |--------------+--------| 
     | dataIO18/CIN | pc3d01 | 
     | dataIO18/PAD | pc3d01 | 
     | dataIO18/CIN | pc3d01 | 
     +-----------------------+ 
     +-----------------------+ 
     |     Pin      |  Cell  | 
     |--------------+--------| 
     | dataIO23/CIN | pc3d01 | 
     | dataIO23/PAD | pc3d01 | 
     | dataIO23/CIN | pc3d01 | 
     +-----------------------+ 
     +-----------------------+ 
     |     Pin      |  Cell  | 
     |--------------+--------| 
     | dataIO26/CIN | pc3d01 | 
     | dataIO26/PAD | pc3d01 | 
     | dataIO26/CIN | pc3d01 | 
     +-----------------------+ 
     +----------------------+ 
     |     Pin     |  Cell  | 
     |-------------+--------| 
     | dataIO1/CIN | pc3d01 | 
     | dataIO1/PAD | pc3d01 | 
     | dataIO1/CIN | pc3d01 | 
     +----------------------+ 
     +----------------------+ 
     |     Pin     |  Cell  | 
     |-------------+--------| 
     | dataIO4/CIN | pc3d01 | 
     | dataIO4/PAD | pc3d01 | 
     | dataIO4/CIN | pc3d01 | 
     +----------------------+ 
     +-----------------------+ 
     |     Pin      |  Cell  | 
     |--------------+--------| 
     | dataIO16/CIN | pc3d01 | 
     | dataIO16/PAD | pc3d01 | 
     | dataIO16/CIN | pc3d01 | 
     +-----------------------+ 
     +-----------------------+ 
     |     Pin      |  Cell  | 
     |--------------+--------| 
     | dataIO27/CIN | pc3d01 | 
     | dataIO27/PAD | pc3d01 | 
     | dataIO27/CIN | pc3d01 | 
     +-----------------------+ 
     +-----------------------+ 
     |     Pin      |  Cell  | 
     |--------------+--------| 
     | dataIO25/CIN | pc3d01 | 
     | dataIO25/PAD | pc3d01 | 
     | dataIO25/CIN | pc3d01 | 
     +-----------------------+ 
     +----------------------+ 
     |     Pin     |  Cell  | 
     |-------------+--------| 
     | dataIO2/CIN | pc3d01 | 
     | dataIO2/PAD | pc3d01 | 
     | dataIO2/CIN | pc3d01 | 
     +----------------------+ 
     +-----------------------+ 
     |     Pin      |  Cell  | 
     |--------------+--------| 
     | dataIO31/CIN | pc3d01 | 
     | dataIO31/PAD | pc3d01 | 
     | dataIO31/CIN | pc3d01 | 
     +-----------------------+ 
     +-----------------------+ 
     |     Pin      |  Cell  | 
     |--------------+--------| 
     | dataIO15/CIN | pc3d01 | 
     | dataIO15/PAD | pc3d01 | 
     | dataIO15/CIN | pc3d01 | 
     +-----------------------+ 
     +-----------------------+ 
     |     Pin      |  Cell  | 
     |--------------+--------| 
     | dataIO17/CIN | pc3d01 | 
     | dataIO17/PAD | pc3d01 | 
     | dataIO17/CIN | pc3d01 | 
     +-----------------------+ 
     +----------------------+ 
     |     Pin     |  Cell  | 
     |-------------+--------| 
     | dataIO0/CIN | pc3d01 | 
     | dataIO0/PAD | pc3d01 | 
     | dataIO0/CIN | pc3d01 | 
     +----------------------+ 
     +-----------------------+ 
     |     Pin      |  Cell  | 
     |--------------+--------| 
     | dataIO21/CIN | pc3d01 | 
     | dataIO21/PAD | pc3d01 | 
     | dataIO21/CIN | pc3d01 | 
     +-----------------------+ 
     +----------------------+ 
     |     Pin     |  Cell  | 
     |-------------+--------| 
     | dataIO9/CIN | pc3d01 | 
     | dataIO9/PAD | pc3d01 | 
     | dataIO9/CIN | pc3d01 | 
     +----------------------+ 
     +----------------------+ 
     |     Pin     |  Cell  | 
     |-------------+--------| 
     | dataIO3/CIN | pc3d01 | 
     | dataIO3/PAD | pc3d01 | 
     | dataIO3/CIN | pc3d01 | 
     +----------------------+ 
     +-----------------------+ 
     |     Pin      |  Cell  | 
     |--------------+--------| 
     | dataIO12/CIN | pc3d01 | 
     | dataIO12/PAD | pc3d01 | 
     | dataIO12/CIN | pc3d01 | 
     +-----------------------+ 
     +-----------------------+ 
     |     Pin      |  Cell  | 
     |--------------+--------| 
     | dataIO29/CIN | pc3d01 | 
     | dataIO29/PAD | pc3d01 | 
     | dataIO29/CIN | pc3d01 | 
     +-----------------------+ 
     +----------------------+ 
     |     Pin     |  Cell  | 
     |-------------+--------| 
     | dataIO5/CIN | pc3d01 | 
     | dataIO5/PAD | pc3d01 | 
     | dataIO5/CIN | pc3d01 | 
     +----------------------+ 
